../Drivers/STM32U5xx_HAL_Driver/Inc/stm32u5xx_ll_bus.h:845:22:LL_AHB2_GRP1_EnableClock	1
../Drivers/STM32U5xx_HAL_Driver/Inc/stm32u5xx_ll_bus.h:1895:22:LL_APB1_GRP2_EnableClock	1
../Core/Src/main.c:91:5:main	1
../Core/Src/main.c:150:6:SystemClock_Config	4
../Core/Src/main.c:208:13:SystemPower_Config	2
../Core/Src/main.c:228:13:MX_ADF1_Init	2
../Core/Src/main.c:282:13:MX_I2C1_Init	4
../Core/Src/main.c:330:13:MX_I2C2_Init	4
../Core/Src/main.c:378:13:MX_ICACHE_Init	3
../Core/Src/main.c:410:13:MX_OCTOSPI1_Init	4
../Core/Src/main.c:470:13:MX_OCTOSPI2_Init	4
../Core/Src/main.c:530:13:MX_SPI2_Init	3
../Core/Src/main.c:587:13:MX_UART4_Init	5
../Core/Src/main.c:635:6:MX_USART1_UART_Init	5
../Core/Src/main.c:683:13:MX_UCPD1_Init	1
../Core/Src/main.c:725:13:MX_USB_OTG_FS_PCD_Init	2
../Core/Src/main.c:761:13:MX_GPIO_Init	1
../Core/Src/main.c:882:5:__io_putchar	1
../Core/Src/main.c:889:5:__io_getchar	1
../Core/Src/main.c:902:6:Error_Handler	1
